// Jest Snapshot v1, https://goo.gl/fbAQLP

exports[`telegraf-update-logger/lib/format export default function format it works when message is action 1`] = `"[6] Test Channel: Foo Bar: action: some_action"`;

exports[`telegraf-update-logger/lib/format export default function format it works when message is anonymous poll message 1`] = `"[35] Foo Bar: anonymous regular poll"`;

exports[`telegraf-update-logger/lib/format export default function format it works when message is audio 1`] = `"[16] Foo Bar: document"`;

exports[`telegraf-update-logger/lib/format export default function format it works when message is audio with caption 1`] = `"[16] Foo Bar: document, caption"`;

exports[`telegraf-update-logger/lib/format export default function format it works when message is callback query with game 1`] = `"[(callback query) 0123456789876543210] Foo Bar: game: game_short_name"`;

exports[`telegraf-update-logger/lib/format export default function format it works when message is callback query without chat title 1`] = `"[6] Foo Bar: action: some_action"`;

exports[`telegraf-update-logger/lib/format export default function format it works when message is callback query without data 1`] = `"[6] Test Channel: Foo Bar"`;

exports[`telegraf-update-logger/lib/format export default function format it works when message is callback query without message 1`] = `"[(callback query) 0123456789876543210] Foo Bar: action: some_action"`;

exports[`telegraf-update-logger/lib/format export default function format it works when message is channel post 1`] = `"[5] Test Channel:: message"`;

exports[`telegraf-update-logger/lib/format export default function format it works when message is channel post with author signature 1`] = `"[6] Test Channel: Foo Bar: message"`;

exports[`telegraf-update-logger/lib/format export default function format it works when message is chat member 1`] = `"[(chat member)]: Foo Bar changed status of Baz from 'member' to 'kicked'"`;

exports[`telegraf-update-logger/lib/format export default function format it works when message is chat member without status change 1`] = `"[(chat member)]: Foo Bar changed Baz"`;

exports[`telegraf-update-logger/lib/format export default function format it works when message is chosen inline result 1`] = `"chosen inline result: Foo Bar chose 1 via query: inline query"`;

exports[`telegraf-update-logger/lib/format export default function format it works when message is chosen inline result with empty query 1`] = `"chosen inline result: Foo Bar chose 1"`;

exports[`telegraf-update-logger/lib/format export default function format it works when message is contact 1`] = `"[22] Foo Bar: contact of Some One"`;

exports[`telegraf-update-logger/lib/format export default function format it works when message is dice 1`] = `"[31] Foo Bar: dice 🎯 with value 1"`;

exports[`telegraf-update-logger/lib/format export default function format it works when message is document 1`] = `"[17] Foo Bar: document"`;

exports[`telegraf-update-logger/lib/format export default function format it works when message is edited 1`] = `"[9] Foo Bar (edited): text"`;

exports[`telegraf-update-logger/lib/format export default function format it works when message is edited channel post 1`] = `"[5] Test Channel: (edited): text"`;

exports[`telegraf-update-logger/lib/format export default function format it works when message is emoji sticker 1`] = `"[13] Foo Bar: 😎   sticker"`;

exports[`telegraf-update-logger/lib/format export default function format it works when message is forwarded from channel 1`] = `"[8] Foo Bar fwd[Test Channel]: message"`;

exports[`telegraf-update-logger/lib/format export default function format it works when message is forwarded from user 1`] = `"[7] Foo Bar fwd[Baz]: message"`;

exports[`telegraf-update-logger/lib/format export default function format it works when message is forwarded from user who dissallow adding a link 1`] = `"[45] Foo Bar fwd[Hidden user]: message"`;

exports[`telegraf-update-logger/lib/format export default function format it works when message is from user 1`] = `"[1] Foo Bar: message"`;

exports[`telegraf-update-logger/lib/format export default function format it works when message is from user without a last name 1`] = `"[2] Baz: message"`;

exports[`telegraf-update-logger/lib/format export default function format it works when message is game message 1`] = `"[36] Foo Bar: game game"`;

exports[`telegraf-update-logger/lib/format export default function format it works when message is in group 1`] = `"[3] Test Group: Foo Bar: message"`;

exports[`telegraf-update-logger/lib/format export default function format it works when message is in super group 1`] = `"[4] Test Supergroup: Foo Bar: message"`;

exports[`telegraf-update-logger/lib/format export default function format it works when message is inline query 1`] = `"[(inline query) 30] Foo Bar: inline query"`;

exports[`telegraf-update-logger/lib/format export default function format it works when message is left chat member 1`] = `"[25] Test Group: Foo Bar: removed Baz"`;

exports[`telegraf-update-logger/lib/format export default function format it works when message is location 1`] = `"[21] Foo Bar: location on 50.450091 30.523415"`;

exports[`telegraf-update-logger/lib/format export default function format it works when message is my chat member 1`] = `"[(my chat member)]: Foo Bar changed status of TestBot from 'member' to 'kicked'"`;

exports[`telegraf-update-logger/lib/format export default function format it works when message is my chat member without status change 1`] = `"[(my chat member)]: Foo Bar changed TestBot"`;

exports[`telegraf-update-logger/lib/format export default function format it works when message is new chat members 1`] = `"[24] Test Group: Foo Bar: added Baz"`;

exports[`telegraf-update-logger/lib/format export default function format it works when message is new chat photo 1`] = `"[27] Test Group: Foo Bar: changed chat photo"`;

exports[`telegraf-update-logger/lib/format export default function format it works when message is new chat title 1`] = `"[26] New Group: Foo Bar: changed chat title"`;

exports[`telegraf-update-logger/lib/format export default function format it works when message is photo 1`] = `"[14] Foo Bar: photo"`;

exports[`telegraf-update-logger/lib/format export default function format it works when message is photo with caption 1`] = `"[15] Foo Bar: photo, caption"`;

exports[`telegraf-update-logger/lib/format export default function format it works when message is pinned message 1`] = `"[37] Foo Bar: pinned message #1"`;

exports[`telegraf-update-logger/lib/format export default function format it works when message is poll 1`] = `"[(poll) 1] total voters: 1"`;

exports[`telegraf-update-logger/lib/format export default function format it works when message is poll answer 1`] = `"[(poll answer) to 1] Foo Bar: voted [1, 2, 3]"`;

exports[`telegraf-update-logger/lib/format export default function format it works when message is poll answer retracted vote 1`] = `"[(poll answer) to 1] Foo Bar: retracted their vote"`;

exports[`telegraf-update-logger/lib/format export default function format it works when message is pre-checkout query 1`] = `"[(pre-checkout query) 1] from Foo Bar"`;

exports[`telegraf-update-logger/lib/format export default function format it works when message is quiz poll message 1`] = `"[33] Foo Bar: quiz"`;

exports[`telegraf-update-logger/lib/format export default function format it works when message is regular poll message 1`] = `"[32] Foo Bar: regular poll"`;

exports[`telegraf-update-logger/lib/format export default function format it works when message is reply 1`] = `"[9] Foo Bar re[1]: message"`;

exports[`telegraf-update-logger/lib/format export default function format it works when message is shipping query 1`] = `"[(shipping query) 1] from Foo Bar"`;

exports[`telegraf-update-logger/lib/format export default function format it works when message is sticker 1`] = `"[12] Foo Bar: sticker"`;

exports[`telegraf-update-logger/lib/format export default function format it works when message is unsupported poll type message 1`] = `"[34] Foo Bar: poll"`;

exports[`telegraf-update-logger/lib/format export default function format it works when message is unsupported update type 1`] = `"unsupported update type"`;

exports[`telegraf-update-logger/lib/format export default function format it works when message is video 1`] = `"[18] Foo Bar: video"`;

exports[`telegraf-update-logger/lib/format export default function format it works when message is video note 1`] = `"[23] Foo Bar: video_note"`;

exports[`telegraf-update-logger/lib/format export default function format it works when message is video with caption 1`] = `"[19] Foo Bar: video, caption"`;

exports[`telegraf-update-logger/lib/format export default function format it works when message is voice 1`] = `"[20] Foo Bar: voice"`;

exports[`telegraf-update-logger/lib/format export default function format it works when message is with unknown type 1`] = `"[29] Foo Bar: message"`;
